../Core/Src/main.c:110:5:main	8	static
../Core/Src/main.c:195:6:SystemClock_Config	120	static
../Core/Src/main.c:255:13:MX_TIM2_Init	56	static
../Core/Src/main.c:326:13:MX_USART3_UART_Init	8	static
../Core/Src/main.c:372:13:MX_DMA_Init	16	static
../Core/Src/main.c:399:13:MX_GPIO_Init	24	static
../Core/Src/main.c:418:6:IC_DMA_XferCpltCallback	16	static
../Core/Src/main.c:441:6:Print_IC_Buffer	32	static
../Core/Src/main.c:514:6:HAL_TIM_PeriodElapsedCallback	16	static
../Core/Src/main.c:521:1:__io_putchar	16	static
../Core/Src/main.c:531:6:MPU_Config	24	static
../Core/Src/main.c:562:6:Error_Handler	4	static,ignoring_inline_asm
